* using log directory 'C:/Users/vishs/Documents/R_projects/for_cran/scPipeline/..Rcheck'
* using R version 4.4.2 (2024-10-31 ucrt)
* using platform: x86_64-w64-mingw32
* R was compiled by
    gcc.exe (GCC) 13.3.0
    GNU Fortran (GCC) 13.3.0
* running under: Windows 11 x64 (build 26100)
* using session charset: UTF-8
* using option '--as-cran'
* checking for file './DESCRIPTION' ... OK
* this is package 'scPipeline' version '0.1.0.1'
* package encoding: UTF-8
* checking CRAN incoming feasibility ... [19s] NOTE
Maintainer: 'Viswanadham Sridhara <Sridhara.Omics@gmail.com>'

New submission

Package has a VignetteBuilder field but no prebuilt vignette index.

The build time stamp is missing.
* checking package namespace information ... OK
* checking package dependencies ... OK
* checking if this is a source package ... OK
* checking if there is a namespace ... OK
* checking for executable files ... OK
* checking for hidden files and directories ... NOTE
Found the following hidden files and directories:
  .Rhistory
  .gitignore
  ..Rcheck
  .Rproj.user
  .git
These were most likely included in error. See section 'Package
structure' in the 'Writing R Extensions' manual.

CRAN-pack does not know about
  ..Rcheck
  .git
* checking for portable file names ... OK
* checking serialization versions ... OK
* checking whether package 'scPipeline' can be installed ... [59s] OK
* checking installed package size ... NOTE
  installed size is 16.8Mb
  sub-directories of 1Mb or more:
    extdata  16.7Mb
* checking package directory ... OK
* checking for future file timestamps ... NOTE
unable to verify current time
* checking DESCRIPTION meta-information ... NOTE
Checking should be performed on sources prepared by 'R CMD build'.
* checking top-level files ... NOTE
Non-standard files/directories found at top level:
  'scPipeline.Rproj' 'scPipeline_0.1.0.1.tar.gz'
* checking for left-over files ... OK
* checking index information ... OK
* checking package subdirectories ... WARNING
Found the following directory with the name of a check directory:
  ./..Rcheck
Most likely, these were included erroneously.
Found the following directory with the name of a version control directory:
  ./.git
These should not be in a package tarball.
* checking code files for non-ASCII characters ... OK
* checking R files for syntax errors ... OK
* checking whether the package can be loaded ... [16s] OK
* checking whether the package can be loaded with stated dependencies ... [16s] OK
* checking whether the package can be unloaded cleanly ... [16s] OK
* checking whether the namespace can be loaded with stated dependencies ... [17s] OK
* checking whether the namespace can be unloaded cleanly ... [16s] OK
* checking loading without being on the library search path ... [18s] OK
* checking use of S3 registration ... OK
* checking dependencies in R code ... OK
* checking S3 generic/method consistency ... OK
* checking replacement functions ... OK
* checking foreign function calls ... OK
* checking R code for possible problems ... [69s] OK
* checking Rd files ... OK
* checking Rd metadata ... OK
* checking Rd line widths ... OK
* checking Rd cross-references ... OK
* checking for missing documentation entries ... OK
* checking for code/documentation mismatches ... OK
* checking Rd \usage sections ... OK
* checking Rd contents ... OK
* checking for unstated dependencies in examples ... OK
* checking files in 'vignettes' ... WARNING
Files in the 'vignettes' directory but no files in 'inst/doc':
  'Seurat_processing.Rmd' 'Seurat_processing.html'
* checking examples ... [24s] OK
* checking for unstated dependencies in vignettes ... OK
* checking package vignettes ... WARNING
Directory 'inst/doc' does not exist.
Package vignette without corresponding single PDF/HTML:
  'Seurat_processing.Rmd'
* checking re-building of vignette outputs ... OK
* checking PDF version of manual ... OK
* checking HTML version of manual ... OK
* checking for non-standard things in the check directory ... OK
* checking for detritus in the temp directory ... OK
* DONE
Status: 3 WARNINGs, 6 NOTEs
